Compiled on 11 May 2026 01:38:42
Version string: SE2026.0.260509.21.18.EX

=== Misc ===
ImageFrames: 20
ImageFrame Data Size: 1040
Maps and Asset Bundles Count: 2
Maps and Asset Bundles Data Size: 0
Actor Count: 3
Actor Data Size: 540
Block Count: 1
Block Data Size: 68
Anim5 Count: 0
Anim5 Data Size: 0
Sound Count: 1
Sound Data Size: 28
Teleporter Count: 1
Teleporter Data Size: 8
Animations Count: 3
Animations Data Size: 48
AnimationFrame Count: 21
AnimationFrame Data Size: 336
Sprites: 1
Sprites Data Size: 14
Attack Data: 1
Attack Data Size: 88
Misc data size: 56

=== Cartridge Composition ===
 Header |   Offset | Size     | Crunch    | Detail
   PL02 |      220 |      118 |   Implode | Panel (background color #000)
   PL01 |      338 |     3390 |   Implode | Panel scorpion_eng_splashscreen
   VC00 |     3728 |     2530 |   Implode | Project virtual machine (codeblocks)
   MA01 |     6258 |       28 |  NoCrunch | Map actor data for level1
   MH01 |     6286 |      200 |   Implode | Header data for map level1
   MD01 |     6486 |      584 |   Implode | Tile data for map level1 (mem restrictions:No_Blocks)
   AB00 |     7070 |     1698 |   Implode | Asset bundle 0 (Core project asset bundle)
   AB01 |     8768 |     7226 |   Implode | Asset bundle 1 (level1)
   DB00 |    15994 |        2 |  NoCrunch | Misc Data (paths, hurt boxes etc)
   PH00 |    15996 |     1264 |   Implode | Project Header
   PD00 |    17260 |      620 |   Implode | Project Data
   VR00 |    17880 |        4 |  NoCrunch | Project virtual machine redirects

=== Data Sizes ===
    Size |   Memory | Crunch | Detail
    7226 |    16076 |  (56%) | Asset bundle 1 (level1)
    3390 |    36784 |  (91%) | Panel scorpion_eng_splashscreen
    2530 |     8692 |  (71%) | Project virtual machine (codeblocks)
    1698 |     3192 |  (47%) | Asset bundle 0 (Core project asset bundle)
    1264 |     4508 |  (72%) | Project Header
     620 |     2228 |  (73%) | Project Data
     584 |     4432 |  (87%) | Tile data for map level1 (mem restrictions:No_Blocks)
     200 |      848 |  (77%) | Header data for map level1
     118 |     4916 |  (98%) | Panel (background color #000)
      28 |       28 |        | Map actor data for level1
       4 |        4 |        | Project virtual machine redirects
       2 |        2 |        | Misc Data (paths, hurt boxes etc)

=== Accounted Memory Usage ===
(Note that this isn't a full account of memory usage, just the memory we can account for)

For chip:
Map gfx (Panel: scorpion_eng_splashscreen): 36784
Music sample (): 0
BP Buffer memory: 120560
Core sfx/gfx memory: 3192
Parallax memory: 0
OS/other estimated: 99328

For other:
Map data memory: 4432
Map background memory: 4916
EXE memory: 232800
vm memory: 8692
project memory: 2228
Music data (): 0
Misc data memory: 2
memory reserved for active actors on screen (32): 5064
memory reserved for dormant actors in map (128): 4608
OS/other estimated: 105472

Accounted memory chip: 259864
Accounted memory other: 368214
Accounted memory total: 628078

=== Codeblocks by compiled size ===
load_level: 644
pre_startup: 380
do_teleport: 320
flipscreen_smooth: 310 (Unused?)
freemem: 296
flipxymove: 278 (Unused?)
load_next_level: 268 (Unused?)
block_find: 210 (Unused?)
set_yresolution: 202
waitforframes: 194
check_talkpad: 192 (Unused?)
startup: 192
pause: 184
block_count: 178 (Unused?)
flipymove: 162 (Unused?)
snap_to_screen: 162 (Unused?)
pre_quit: 160
flipxmove: 142 (Unused?)
restart_this_level: 136 (Unused?)
load_panel: 134
unload_level: 132
stop_sfx: 130
destroy_all_blocks: 128 (Unused?)
anim_force_left: 108 (Unused?)
anim_force_right: 108 (Unused?)
fadein: 108
waitforfireup: 106
unload_panel: 102
waitforfiredown: 102
load_panel_bottom: 96
load_panel_top: 96
destroy_child_actors: 94 (Unused?)
pre_load_level: 86
waitforfirehit: 86
load_music: 78
fadeout: 76
load_music_finish: 76
wrap_screen_bottom: 76 (Unused?)
wrap_screen_right: 76 (Unused?)
set_ntsc: 74 (Unused?)
flipscreen: 72 (Unused?)
wrap_screen_left: 72 (Unused?)
wrap_screen_top: 72 (Unused?)
jump_actor: 66 (Unused?)
destroy_all_actors: 60 (Unused?)
quit: 60 (Unused?)
destroy_actor: 58
freemem_hard: 54 (Unused?)
destroy_block: 52 (Unused?)
return: 52 (Unused?)
load_panel_finish: 50
unload_panel_bottom: 50
unload_panel_top: 50
spawnfood: 46 (Unused?)
freeze_actor: 40 (Unused?)
unfreeze_actor: 40 (Unused?)
block_coll_force: 32 (Unused?)
block_coll_passthru: 32
debug_breakpoint: 26 (Unused?)
hardware: 26 (Unused?)
vm_constants_tile_properties: 26 (Unused?)
